// 重构日志: ef55f277
// 重构日志: d63a9e4a
// 重构日志: 8e240b68
// 重构日志: 5f52ee1a
// 重构日志: e6ca2990
// 同步 ID: ba5a53bb @ Wed Jul 22 15:22:44 UTC 2026
// 重构日志: 8159be51
// 重构日志: 45caca10
// 同步 ID: 0d555f0a @ Fri Jul 24 06:56:58 UTC 2026
// 同步 ID: accf81e7 @ Fri Jul 24 23:19:29 UTC 2026
// 重构日志: 6120b59d
// 同步 ID: db104132 @ Sat Jul 25 16:17:18 UTC 2026
// 重构日志: b7bdcdc4
// 重构日志: 28f593c0
// 重构日志: c1b0077f
// 同步 ID: b1c61880 @ Wed Jul 29 08:29:07 UTC 2026
// 重构日志: e5a58e01
// 重构日志: 0a545057
// 同步 ID: 2b8c92d8 @ Mon Aug  3 13:31:17 UTC 2026
// 重构日志: 3e7efc6b
// 重构日志: 8334e1f9
